digraph g1 {
graph [fontname="Helvetica", label="coffee_extended.fixed.owfn.ig.og"];
node [fontname="Helvetica" fontsize=10];
edge [fontname="Helvetica" fontsize=10];
p0 [label="# 0\n?Button, ?Euro", fontcolor=black, color=blue];
p0->p1 [label="?Button, ?Euro", fontcolor=black, color= blue];
p1 [label="# 1\n!Coffee", fontcolor=black, color=blue];
p1->p2 [label="!Coffee", fontcolor=black, color= blue];
p2 [label="# 2\nfinal", fontcolor=black, color=blue];
}