digraph "DD" {
size = "7.5,10"
center = true;
edge [dir = none];
{ node [shape = plaintext];
  edge [style = invis];
  "CONST NODES" [style = invis];
" 0 " -> " 1 " -> " 2 " -> " 3 " -> " 4 " -> " 5 " -> " 6 " -> " 7 " -> " 8 " -> " 9 " -> " 10 " -> "CONST NODES"; 
}
{ rank = same; node [shape = box]; edge [style = invis];
"F0"; }
{ rank = same; " 0 ";
"ae";
}
{ rank = same; " 1 ";
"9b";
"ad";
}
{ rank = same; " 2 ";
"9a";
"67";
"ac";
}
{ rank = same; " 3 ";
"e8";
"ab";
"66";
"a4";
"99";
}
{ rank = same; " 4 ";
"a3";
"af";
"98";
"e7";
"a2";
"65";
"94";
"a1";
}
{ rank = same; " 5 ";
"aa";
"5f";
"b1";
"e1";
"a6";
"a0";
"b8";
"97";
"9d";
"8b";
"84";
"93";
}
{ rank = same; " 6 ";
"e0";
"9f";
"a5";
"83";
"92";
"96";
"b0";
"8a";
"5e";
"b7";
}
{ rank = same; " 7 ";
"5d";
"8d";
"89";
"df";
"82";
"9e";
"95";
}
{ rank = same; " 8 ";
"5c";
"de";
"8c";
"81";
"88";
}
{ rank = same; " 9 ";
"5b";
"dd";
"87";
}
{ rank = same; " 10 ";
"86";
}
{ rank = same; "CONST NODES";
{ node [shape = box]; "3e";
}
}
"F0" -> "ae" [style = dotted];
"ae" -> "9b";
"ae" -> "ad" [style = dashed];
"9b" -> "3e";
"9b" -> "9a" [style = dashed];
"ad" -> "ac";
"ad" -> "67" [style = dashed];
"9a" -> "3e";
"9a" -> "99" [style = dashed];
"67" -> "e8";
"67" -> "66" [style = dashed];
"ac" -> "a4";
"ac" -> "ab" [style = dashed];
"e8" -> "af";
"e8" -> "e7" [style = dashed];
"ab" -> "3e";
"ab" -> "a1" [style = dashed];
"66" -> "3e";
"66" -> "65" [style = dashed];
"a4" -> "a2";
"a4" -> "a3" [style = dashed];
"99" -> "94";
"99" -> "98" [style = dashed];
"a3" -> "a0";
"a3" -> "3e" [style = dashed];
"af" -> "3e";
"af" -> "aa" [style = dashed];
"98" -> "97";
"98" -> "3e" [style = dashed];
"e7" -> "b1";
"e7" -> "e1" [style = dashed];
"a2" -> "9d";
"a2" -> "a0" [style = dashed];
"65" -> "b8";
"65" -> "5f" [style = dashed];
"94" -> "8b";
"94" -> "93" [style = dashed];
"a1" -> "84";
"a1" -> "a6" [style = dashed];
"aa" -> "3e";
"aa" -> "96" [style = dashed];
"5f" -> "3e";
"5f" -> "5e" [style = dashed];
"b1" -> "b0";
"b1" -> "3e" [style = dashed];
"e1" -> "3e";
"e1" -> "e0" [style = dashed];
"a6" -> "3e";
"a6" -> "a5" [style = dashed];
"a0" -> "9f";
"a0" -> "3e" [style = dashed];
"b8" -> "3e";
"b8" -> "b7" [style = dashed];
"97" -> "96";
"97" -> "3e" [style = dashed];
"9d" -> "92";
"9d" -> "3e" [style = dashed];
"8b" -> "8a";
"8b" -> "3e" [style = dashed];
"84" -> "3e";
"84" -> "83" [style = dashed];
"93" -> "3e";
"93" -> "92" [style = dashed];
"e0" -> "3e";
"e0" -> "df" [style = dashed];
"9f" -> "3e";
"9f" -> "9e" [style = dashed];
"a5" -> "9e";
"a5" -> "3e" [style = dashed];
"83" -> "82";
"83" -> "3e" [style = dashed];
"92" -> "3e";
"92" -> "8d" [style = dashed];
"96" -> "95";
"96" -> "3e" [style = dashed];
"b0" -> "8d";
"b0" -> "3e" [style = dashed];
"8a" -> "89";
"8a" -> "3e" [style = dashed];
"5e" -> "5d";
"5e" -> "3e" [style = dashed];
"b7" -> "3e";
"b7" -> "95" [style = dashed];
"5d" -> "3e";
"5d" -> "5c" [style = dashed];
"8d" -> "8c";
"8d" -> "3e" [style = dashed];
"89" -> "88";
"89" -> "3e" [style = dashed];
"df" -> "3e";
"df" -> "de" [style = dashed];
"82" -> "3e";
"82" -> "81" [style = dashed];
"9e" -> "3e";
"9e" -> "8c" [style = dashed];
"95" -> "3e";
"95" -> "88" [style = dashed];
"5c" -> "3e";
"5c" -> "5b" [style = dashed];
"de" -> "3e";
"de" -> "dd" [style = dashed];
"8c" -> "87";
"8c" -> "3e" [style = dashed];
"81" -> "5b";
"81" -> "3e" [style = dashed];
"88" -> "3e";
"88" -> "87" [style = dashed];
"5b" -> "86";
"5b" -> "3e" [style = dashed];
"dd" -> "3e";
"dd" -> "86" [style = dotted];
"87" -> "3e";
"87" -> "86" [style = dashed];
"86" -> "3e";
"86" -> "3e" [style = dotted];
"3e" [label = "1"];
}
