digraph "DD" {
size = "7.5,10"
center = true;
edge [dir = none];
{ node [shape = plaintext];
  edge [style = invis];
  "CONST NODES" [style = invis];
" 0 " -> " 1 " -> " 2 " -> " 3 " -> " 4 " -> " 5 " -> " 6 " -> " 7 " -> "CONST NODES"; 
}
{ rank = same; node [shape = box]; edge [style = invis];
"F0"; }
{ rank = same; " 0 ";
"cf7";
}
{ rank = same; " 1 ";
"cf5";
"cd9";
}
{ rank = same; " 2 ";
"cd8";
"cc0";
"cf4";
}
{ rank = same; " 3 ";
"d4c";
"cd7";
"d1a";
"d30";
"cf3";
"d3d";
}
{ rank = same; " 4 ";
"cf2";
"cd6";
"d3c";
"d19";
"d4b";
"d2f";
}
{ rank = same; " 5 ";
"d2e";
"cea";
"d45";
"ce2";
"cd0";
"ce7";
"d18";
"d09";
}
{ rank = same; " 6 ";
"cf6";
"ce1";
"d27";
"d08";
}
{ rank = same; " 7 ";
"ce0";
}
{ rank = same; "CONST NODES";
{ node [shape = box]; "cb8";
}
}
"F0" -> "cf7" [style = dotted];
"cf7" -> "cd9";
"cf7" -> "cf5" [style = dashed];
"cf5" -> "cf4";
"cf5" -> "cc0" [style = dashed];
"cd9" -> "cb8";
"cd9" -> "cd8" [style = dashed];
"cd8" -> "cd7";
"cd8" -> "d3d" [style = dashed];
"cc0" -> "d30";
"cc0" -> "d4c" [style = dashed];
"cf4" -> "cf3";
"cf4" -> "d1a" [style = dashed];
"d4c" -> "d4b";
"d4c" -> "cb8" [style = dashed];
"cd7" -> "cb8";
"cd7" -> "cd6" [style = dashed];
"d1a" -> "d19";
"d1a" -> "cb8" [style = dashed];
"d30" -> "cb8";
"d30" -> "d2f" [style = dashed];
"cf3" -> "cb8";
"cf3" -> "cf2" [style = dotted];
"d3d" -> "d3c";
"d3d" -> "cb8" [style = dashed];
"cf2" -> "cea";
"cf2" -> "ce7" [style = dotted];
"cd6" -> "cd0";
"cd6" -> "d09" [style = dashed];
"d3c" -> "d09";
"d3c" -> "ce2" [style = dashed];
"d19" -> "cb8";
"d19" -> "d18" [style = dashed];
"d4b" -> "ce7";
"d4b" -> "d45" [style = dashed];
"d2f" -> "cb8";
"d2f" -> "d2e" [style = dotted];
"d2e" -> "d27";
"d2e" -> "cf6" [style = dotted];
"cea" -> "d27";
"cea" -> "cb8" [style = dotted];
"d45" -> "cf6";
"d45" -> "cb8" [style = dashed];
"ce2" -> "cb8";
"ce2" -> "ce1" [style = dashed];
"cd0" -> "cb8";
"cd0" -> "d27" [style = dotted];
"ce7" -> "ce1";
"ce7" -> "cb8" [style = dashed];
"d18" -> "d08";
"d18" -> "cf6" [style = dashed];
"d09" -> "d08";
"d09" -> "cb8" [style = dashed];
"cf6" -> "cb8";
"cf6" -> "ce0" [style = dotted];
"ce1" -> "cb8";
"ce1" -> "ce0" [style = dashed];
"d27" -> "ce0";
"d27" -> "cb8" [style = dotted];
"d08" -> "ce0";
"d08" -> "cb8" [style = dashed];
"ce0" -> "cb8";
"ce0" -> "cb8" [style = dotted];
"cb8" [label = "1"];
}
